2026-06-09 10:02:02,119 [ConsumerA] INFO – Health monitor started (PID 12268).
2026-06-09 10:02:02,122 [ConsumerA] INFO – ► ConsumerA joined consumer group 'user-events-group'
2026-06-09 10:02:02,128 [ConsumerA] INFO – Subscribed to topic 'user-events'.
2026-06-09 10:02:08,206 [ConsumerA] INFO – ★ Partition ASSIGNED  → [0, 1, 2]
2026-06-09 10:03:36,941 [ConsumerA] INFO – ✘ Partition REVOKED   → [0, 1, 2]
2026-06-09 10:03:36,941 [ConsumerA] WARNING – Could not commit offsets on revoke: KafkaError{code=_NO_OFFSET,val=-168,str="Commit failed: Local: No offset stored"}
2026-06-09 10:03:36,962 [ConsumerA] INFO – ★ Partition ASSIGNED  → [0, 1]
2026-06-09 10:04:16,491 [ConsumerA] INFO – ✘ Partition REVOKED   → [0, 1]
2026-06-09 10:04:16,492 [ConsumerA] WARNING – Could not commit offsets on revoke: KafkaError{code=_NO_OFFSET,val=-168,str="Commit failed: Local: No offset stored"}
2026-06-09 10:04:16,524 [ConsumerA] INFO – ★ Partition ASSIGNED  → [0]
2026-06-09 10:04:19,517 [ConsumerA] INFO – ✘ Partition REVOKED   → [0]
2026-06-09 10:04:19,518 [ConsumerA] WARNING – Could not commit offsets on revoke: KafkaError{code=_NO_OFFSET,val=-168,str="Commit failed: Local: No offset stored"}
2026-06-09 10:04:19,529 [ConsumerA] INFO – ★ Partition ASSIGNED  → [0, 1, 2]
2026-06-09 10:08:58,583 [ConsumerA] INFO – ✘ Partition REVOKED   → [0, 1, 2]
2026-06-09 10:08:58,583 [ConsumerA] WARNING – Could not commit offsets on revoke: KafkaError{code=_NO_OFFSET,val=-168,str="Commit failed: Local: No offset stored"}
2026-06-09 10:08:58,597 [ConsumerA] INFO – ★ Partition ASSIGNED  → [0, 1]
2026-06-09 10:09:44,002 [ConsumerA] INFO – ✘ Partition REVOKED   → [0, 1]
2026-06-09 10:09:44,002 [ConsumerA] WARNING – Could not commit offsets on revoke: KafkaError{code=_NO_OFFSET,val=-168,str="Commit failed: Local: No offset stored"}
2026-06-09 10:09:44,020 [ConsumerA] INFO – ★ Partition ASSIGNED  → [0, 1, 2]
2026-06-09 10:09:44,278 [ConsumerA] ERROR – Unhandled exception in poll loop: Extra data: line 29 column 2 (char 590)
Traceback (most recent call last):
  File "D:\DS\kafka-partitioner\consumer.py", line 319, in run_consumer
    msg = consumer.poll(timeout=poll_timeout)
  File "D:\DS\kafka-partitioner\consumer.py", line 189, in on_assign
    mm.append_rebalance_event(
    ~~~~~~~~~~~~~~~~~~~~~~~~~^
        consumer_name = consumer_name,
        ^^^^^^^^^^^^^^^^^^^^^^^^^^^^^^
    ...<2 lines>...
        detail        = f"Assigned {len(assigned)} partition(s) after rebalance",
        ^^^^^^^^^^^^^^^^^^^^^^^^^^^^^^^^^^^^^^^^^^^^^^^^^^^^^^^^^^^^^^^^^^^^^^^^^
    )
    ^
  File "D:\DS\kafka-partitioner\metrics_manager.py", line 199, in append_rebalance_event
    history: List[Dict[str, Any]] = _read_json(path) or []
                                    ~~~~~~~~~~^^^^^^
  File "D:\DS\kafka-partitioner\metrics_manager.py", line 55, in _read_json
    return json.load(fh)
           ~~~~~~~~~^^^^
  File "C:\Python314\Lib\json\__init__.py", line 293, in load
    return loads(fp.read(),
        cls=cls, object_hook=object_hook,
        parse_float=parse_float, parse_int=parse_int,
        parse_constant=parse_constant, object_pairs_hook=object_pairs_hook, **kw)
  File "C:\Python314\Lib\json\__init__.py", line 346, in loads
    return _default_decoder.decode(s)
           ~~~~~~~~~~~~~~~~~~~~~~~^^^
  File "C:\Python314\Lib\json\decoder.py", line 348, in decode
    raise JSONDecodeError("Extra data", s, end)
json.decoder.JSONDecodeError: Extra data: line 29 column 2 (char 590)
2026-06-09 10:09:44,281 [ConsumerA] INFO – Committing final offsets …
2026-06-09 10:09:44,281 [ConsumerA] WARNING – Final commit failed: KafkaError{code=_NO_OFFSET,val=-168,str="Commit failed: Local: No offset stored"}
2026-06-09 10:09:44,282 [ConsumerA] INFO – ✘ Partition REVOKED   → [0, 1, 2]
2026-06-09 10:09:44,282 [ConsumerA] WARNING – Could not commit offsets on revoke: KafkaError{code=_NO_OFFSET,val=-168,str="Commit failed: Local: No offset stored"}
2026-06-09 10:24:20,681 [ConsumerA] INFO – Health monitor started (PID 10368).
2026-06-09 10:24:20,683 [ConsumerA] INFO – ► ConsumerA joined consumer group 'user-events-group'
2026-06-09 10:24:20,689 [ConsumerA] INFO – Subscribed to topic 'user-events'.
2026-06-09 10:24:23,779 [ConsumerA] INFO – ★ Partition ASSIGNED  → [0, 1, 2]
2026-06-09 10:24:29,887 [ConsumerA] INFO – ✘ Partition REVOKED   → [0, 1, 2]
2026-06-09 10:24:29,888 [ConsumerA] WARNING – Could not commit offsets on revoke: KafkaError{code=_NO_OFFSET,val=-168,str="Commit failed: Local: No offset stored"}
2026-06-09 10:24:29,897 [ConsumerA] INFO – ★ Partition ASSIGNED  → [0, 1]
2026-06-09 10:24:30,852 [ConsumerA] ERROR – Unhandled exception in poll loop: [WinError 32] The process cannot access the file because it is being used by another process: 'D:\\DS\\kafka-partitioner\\metrics\\rebalance_history.tmp' -> 'D:\\DS\\kafka-partitioner\\metrics\\rebalance_history.json'
Traceback (most recent call last):
  File "D:\DS\kafka-partitioner\consumer.py", line 319, in run_consumer
    msg = consumer.poll(timeout=poll_timeout)
  File "D:\DS\kafka-partitioner\consumer.py", line 189, in on_assign
    mm.append_rebalance_event(
    ~~~~~~~~~~~~~~~~~~~~~~~~~^
        consumer_name = consumer_name,
        ^^^^^^^^^^^^^^^^^^^^^^^^^^^^^^
    ...<2 lines>...
        detail        = f"Assigned {len(assigned)} partition(s) after rebalance",
        ^^^^^^^^^^^^^^^^^^^^^^^^^^^^^^^^^^^^^^^^^^^^^^^^^^^^^^^^^^^^^^^^^^^^^^^^^
    )
    ^
  File "D:\DS\kafka-partitioner\metrics_manager.py", line 211, in append_rebalance_event
    _write_json(path, history)
    ~~~~~~~~~~~^^^^^^^^^^^^^^^
  File "D:\DS\kafka-partitioner\metrics_manager.py", line 63, in _write_json
    tmp.replace(path)
    ~~~~~~~~~~~^^^^^^
  File "C:\Python314\Lib\pathlib\__init__.py", line 1096, in replace
    os.replace(self, target)
    ~~~~~~~~~~^^^^^^^^^^^^^^
PermissionError: [WinError 32] The process cannot access the file because it is being used by another process: 'D:\\DS\\kafka-partitioner\\metrics\\rebalance_history.tmp' -> 'D:\\DS\\kafka-partitioner\\metrics\\rebalance_history.json'
2026-06-09 10:24:30,862 [ConsumerA] INFO – Committing final offsets …
2026-06-09 10:24:30,863 [ConsumerA] WARNING – Final commit failed: KafkaError{code=_NO_OFFSET,val=-168,str="Commit failed: Local: No offset stored"}
2026-06-09 10:24:30,863 [ConsumerA] INFO – ✘ Partition REVOKED   → [0, 1]
2026-06-09 10:24:30,863 [ConsumerA] WARNING – Could not commit offsets on revoke: KafkaError{code=_NO_OFFSET,val=-168,str="Commit failed: Local: No offset stored"}
2026-06-09 10:28:51,778 [ConsumerA] INFO – Health monitor started (PID 14044).
2026-06-09 10:28:51,780 [ConsumerA] INFO – ► ConsumerA joined consumer group 'user-events-group'
2026-06-09 10:28:51,785 [ConsumerA] INFO – Subscribed to topic 'user-events'.
2026-06-09 10:28:54,888 [ConsumerA] INFO – ★ Partition ASSIGNED  → [0, 1, 2]
2026-06-09 10:29:34,651 [ConsumerA] INFO – ✘ Partition REVOKED   → [0, 1, 2]
2026-06-09 10:29:34,652 [ConsumerA] WARNING – Could not commit offsets on revoke: KafkaError{code=_NO_OFFSET,val=-168,str="Commit failed: Local: No offset stored"}
2026-06-09 10:29:34,662 [ConsumerA] INFO – ★ Partition ASSIGNED  → [0, 1]
2026-06-09 10:29:37,758 [ConsumerA] INFO – ✘ Partition REVOKED   → [0, 1]
2026-06-09 10:29:37,759 [ConsumerA] WARNING – Could not commit offsets on revoke: KafkaError{code=_NO_OFFSET,val=-168,str="Commit failed: Local: No offset stored"}
2026-06-09 10:29:37,910 [ConsumerA] INFO – ★ Partition ASSIGNED  → [0]
2026-06-09 10:30:22,516 [ConsumerA] INFO – Throughput: 0.0 msg/s | Total consumed: 1
2026-06-09 10:30:27,542 [ConsumerA] INFO – Throughput: 70.7 msg/s | Total consumed: 356
2026-06-09 10:34:46,831 [ConsumerA] INFO – Throughput: 0.2 msg/s | Total consumed: 406
2026-06-09 10:34:51,921 [ConsumerA] INFO – Throughput: 68.3 msg/s | Total consumed: 753
2026-06-09 12:07:19,419 [ConsumerA] INFO – Health monitor started (PID 17320).
2026-06-09 12:07:19,422 [ConsumerA] INFO – ► ConsumerA joined consumer group 'user-events-group'
2026-06-09 12:07:19,455 [ConsumerA] INFO – Subscribed to topic 'user-events'.
2026-06-09 12:14:50,772 [ConsumerA] INFO – ★ Partition ASSIGNED  → [0]
2026-06-09 12:14:50,896 [ConsumerA] ERROR – Unhandled exception in poll loop: 'MetricsManager' object has no attribute 'add_live_event'
Traceback (most recent call last):
  File "D:\DS\kafka-partitioner\consumer.py", line 354, in run_consumer
    mm.add_live_event(
    ^^^^^^^^^^^^^^^^^
AttributeError: 'MetricsManager' object has no attribute 'add_live_event'
2026-06-09 12:14:50,911 [ConsumerA] INFO – Committing final offsets …
2026-06-09 12:14:50,921 [ConsumerA] INFO – ✘ Partition REVOKED   → [0]
2026-06-09 12:14:50,921 [ConsumerA] WARNING – Could not commit offsets on revoke: KafkaError{code=_NO_OFFSET,val=-168,str="Commit failed: Local: No offset stored"}
2026-06-09 12:14:50,952 [ConsumerA] INFO – Consumer closed.
2026-06-09 12:14:50,965 [ConsumerA] INFO – ─── ConsumerA shut down. Total consumed: 1 ───
2026-06-09 12:15:02,323 [ConsumerA] INFO – Health monitor started (PID 19112).
2026-06-09 12:15:02,326 [ConsumerA] INFO – ► ConsumerA joined consumer group 'user-events-group'
2026-06-09 12:15:02,330 [ConsumerA] INFO – Subscribed to topic 'user-events'.
2026-06-09 12:15:05,423 [ConsumerA] INFO – ★ Partition ASSIGNED  → [0, 1]
2026-06-09 12:15:08,511 [ConsumerA] INFO – ✘ Partition REVOKED   → [0, 1]
2026-06-09 12:15:08,516 [ConsumerA] INFO – Offsets committed before revocation.
2026-06-09 12:15:08,632 [ConsumerA] INFO – ★ Partition ASSIGNED  → [0]
2026-06-09 12:15:09,700 [ConsumerA] INFO – Throughput: 1.2 msg/s | Total consumed: 9
2026-06-09 12:15:14,716 [ConsumerA] INFO – Throughput: 20.6 msg/s | Total consumed: 112
2026-06-09 12:15:19,799 [ConsumerA] INFO – Throughput: 20.7 msg/s | Total consumed: 217
2026-06-09 12:39:51,731 [ConsumerA] INFO – Throughput: 0.1 msg/s | Total consumed: 414
2026-06-09 12:39:57,108 [ConsumerA] INFO – Throughput: 17.6 msg/s | Total consumed: 508
2026-06-09 12:40:02,453 [ConsumerA] INFO – Throughput: 12.6 msg/s | Total consumed: 575
2026-06-09 12:40:07,460 [ConsumerA] INFO – Throughput: 24.8 msg/s | Total consumed: 699
2026-06-09 12:53:08,183 [ConsumerA] INFO – Throughput: 0.2 msg/s | Total consumed: 819
2026-06-09 12:53:13,460 [ConsumerA] INFO – Throughput: 21.8 msg/s | Total consumed: 934
2026-06-09 12:53:18,619 [ConsumerA] INFO – Throughput: 12.8 msg/s | Total consumed: 1000
2026-06-09 20:52:21,442 [ConsumerA] INFO – Health monitor started (PID 22980).
2026-06-09 20:52:21,444 [ConsumerA] INFO – ► ConsumerA joined consumer group 'user-events-group'
2026-06-09 20:52:21,477 [ConsumerA] INFO – Subscribed to topic 'user-events'.
2026-06-09 20:52:24,616 [ConsumerA] INFO – ★ Partition ASSIGNED  → [0, 1]
2026-06-09 20:52:26,997 [ConsumerA] INFO – Throughput: 5.6 msg/s | Total consumed: 31
2026-06-09 20:52:28,463 [ConsumerA] INFO – ✘ Partition REVOKED   → [0, 1]
2026-06-09 20:52:28,468 [ConsumerA] INFO – Offsets committed before revocation.
2026-06-09 20:52:28,530 [ConsumerA] INFO – ★ Partition ASSIGNED  → [0]
2026-06-09 20:53:21,949 [ConsumerA] INFO – Throughput: 0.3 msg/s | Total consumed: 46
2026-06-09 20:53:27,415 [ConsumerA] INFO – Throughput: 6.2 msg/s | Total consumed: 80
2026-06-09 20:53:32,457 [ConsumerA] INFO – Throughput: 5.4 msg/s | Total consumed: 107
2026-06-09 20:53:37,993 [ConsumerA] INFO – Throughput: 4.9 msg/s | Total consumed: 134
2026-06-09 20:53:43,117 [ConsumerA] INFO – Throughput: 6.2 msg/s | Total consumed: 166
2026-06-09 20:53:48,165 [ConsumerA] INFO – Throughput: 5.8 msg/s | Total consumed: 195
2026-06-09 20:53:53,226 [ConsumerA] INFO – Throughput: 8.5 msg/s | Total consumed: 238
2026-06-09 20:53:58,310 [ConsumerA] INFO – Throughput: 7.1 msg/s | Total consumed: 274
2026-06-09 20:54:03,492 [ConsumerA] INFO – Throughput: 8.9 msg/s | Total consumed: 320
2026-06-09 20:54:08,829 [ConsumerA] INFO – Throughput: 6.6 msg/s | Total consumed: 355
2026-06-09 20:54:13,848 [ConsumerA] INFO – Throughput: 7.0 msg/s | Total consumed: 390
2026-06-09 20:54:18,879 [ConsumerA] INFO – Throughput: 4.6 msg/s | Total consumed: 413
2026-06-09 20:54:23,979 [ConsumerA] INFO – Throughput: 5.3 msg/s | Total consumed: 440
2026-06-09 20:54:29,083 [ConsumerA] INFO – Throughput: 4.3 msg/s | Total consumed: 462
2026-06-09 20:54:34,118 [ConsumerA] INFO – Throughput: 7.2 msg/s | Total consumed: 498
2026-06-09 20:54:34,229 [ConsumerA] INFO – 🛑 Consumer ConsumerA disabled via control file. Shutting down...
2026-06-09 20:54:34,232 [ConsumerA] INFO – Committing final offsets …
2026-06-09 20:54:34,232 [ConsumerA] WARNING – Final commit failed: KafkaError{code=_NO_OFFSET,val=-168,str="Commit failed: Local: No offset stored"}
2026-06-09 20:54:34,235 [ConsumerA] INFO – ✘ Partition REVOKED   → [0]
2026-06-09 20:54:34,235 [ConsumerA] WARNING – Could not commit offsets on revoke: KafkaError{code=_NO_OFFSET,val=-168,str="Commit failed: Local: No offset stored"}
2026-06-09 20:54:34,276 [ConsumerA] INFO – Consumer closed.
2026-06-09 20:54:34,300 [ConsumerA] INFO – ─── ConsumerA shut down. Total consumed: 500 ───
