2026-06-09 10:04:15,645 [ConsumerC] INFO – Health monitor started (PID 15464).
2026-06-09 10:04:15,647 [ConsumerC] INFO – ► ConsumerC joined consumer group 'user-events-group'
2026-06-09 10:04:15,652 [ConsumerC] INFO – Subscribed to topic 'user-events'.
2026-06-09 10:04:16,521 [ConsumerC] INFO – ★ Partition ASSIGNED  → [2]
2026-06-09 10:04:16,673 [ConsumerC] ERROR – Unhandled exception in poll loop: [WinError 32] The process cannot access the file because it is being used by another process: 'D:\\DS\\kafka-partitioner\\metrics\\rebalance_history.tmp' -> 'D:\\DS\\kafka-partitioner\\metrics\\rebalance_history.json'
Traceback (most recent call last):
  File "D:\DS\kafka-partitioner\consumer.py", line 319, in run_consumer
    msg = consumer.poll(timeout=poll_timeout)
  File "D:\DS\kafka-partitioner\consumer.py", line 189, in on_assign
    mm.append_rebalance_event(
    ~~~~~~~~~~~~~~~~~~~~~~~~~^
        consumer_name = consumer_name,
        ^^^^^^^^^^^^^^^^^^^^^^^^^^^^^^
    ...<2 lines>...
        detail        = f"Assigned {len(assigned)} partition(s) after rebalance",
        ^^^^^^^^^^^^^^^^^^^^^^^^^^^^^^^^^^^^^^^^^^^^^^^^^^^^^^^^^^^^^^^^^^^^^^^^^
    )
    ^
  File "D:\DS\kafka-partitioner\metrics_manager.py", line 211, in append_rebalance_event
    _write_json(path, history)
    ~~~~~~~~~~~^^^^^^^^^^^^^^^
  File "D:\DS\kafka-partitioner\metrics_manager.py", line 63, in _write_json
    tmp.replace(path)
    ~~~~~~~~~~~^^^^^^
  File "C:\Python314\Lib\pathlib\__init__.py", line 1096, in replace
    os.replace(self, target)
    ~~~~~~~~~~^^^^^^^^^^^^^^
PermissionError: [WinError 32] The process cannot access the file because it is being used by another process: 'D:\\DS\\kafka-partitioner\\metrics\\rebalance_history.tmp' -> 'D:\\DS\\kafka-partitioner\\metrics\\rebalance_history.json'
2026-06-09 10:04:16,702 [ConsumerC] INFO – Committing final offsets …
2026-06-09 10:04:16,703 [ConsumerC] WARNING – Final commit failed: KafkaError{code=_NO_OFFSET,val=-168,str="Commit failed: Local: No offset stored"}
2026-06-09 10:04:16,703 [ConsumerC] INFO – ✘ Partition REVOKED   → [2]
2026-06-09 10:04:16,703 [ConsumerC] WARNING – Could not commit offsets on revoke: KafkaError{code=_NO_OFFSET,val=-168,str="Commit failed: Local: No offset stored"}
2026-06-09 10:09:02,351 [ConsumerC] INFO – Health monitor started (PID 24552).
2026-06-09 10:24:37,219 [ConsumerC] INFO – Health monitor started (PID 2560).
2026-06-09 10:29:35,269 [ConsumerC] INFO – Health monitor started (PID 8560).
2026-06-09 10:29:35,272 [ConsumerC] INFO – ► ConsumerC joined consumer group 'user-events-group'
2026-06-09 10:29:35,277 [ConsumerC] INFO – Subscribed to topic 'user-events'.
2026-06-09 10:29:37,910 [ConsumerC] INFO – ★ Partition ASSIGNED  → [2]
2026-06-09 10:30:22,526 [ConsumerC] INFO – Throughput: 0.0 msg/s | Total consumed: 1
2026-06-09 10:30:27,573 [ConsumerC] INFO – Throughput: 43.4 msg/s | Total consumed: 219
2026-06-09 10:34:46,830 [ConsumerC] INFO – Throughput: 0.1 msg/s | Total consumed: 246
2026-06-09 10:34:51,853 [ConsumerC] INFO – Throughput: 41.1 msg/s | Total consumed: 452
2026-06-09 12:07:48,786 [ConsumerC] INFO – Health monitor started (PID 2900).
2026-06-09 12:07:48,789 [ConsumerC] INFO – ► ConsumerC joined consumer group 'user-events-group'
2026-06-09 12:07:48,794 [ConsumerC] INFO – Subscribed to topic 'user-events'.
2026-06-09 12:14:50,773 [ConsumerC] INFO – ★ Partition ASSIGNED  → [2]
2026-06-09 12:14:50,842 [ConsumerC] ERROR – Unhandled exception in poll loop: 'MetricsManager' object has no attribute 'add_live_event'
Traceback (most recent call last):
  File "D:\DS\kafka-partitioner\consumer.py", line 354, in run_consumer
    mm.add_live_event(
    ^^^^^^^^^^^^^^^^^
AttributeError: 'MetricsManager' object has no attribute 'add_live_event'
2026-06-09 12:14:50,871 [ConsumerC] INFO – Committing final offsets …
2026-06-09 12:14:50,889 [ConsumerC] INFO – ✘ Partition REVOKED   → [2]
2026-06-09 12:14:50,889 [ConsumerC] WARNING – Could not commit offsets on revoke: KafkaError{code=_NO_OFFSET,val=-168,str="Commit failed: Local: No offset stored"}
2026-06-09 12:14:50,921 [ConsumerC] INFO – Consumer closed.
2026-06-09 12:14:50,934 [ConsumerC] INFO – ─── ConsumerC shut down. Total consumed: 1 ───
2026-06-09 12:15:07,339 [ConsumerC] INFO – Health monitor started (PID 8228).
2026-06-09 12:15:07,348 [ConsumerC] INFO – ► ConsumerC joined consumer group 'user-events-group'
2026-06-09 12:15:07,353 [ConsumerC] INFO – Subscribed to topic 'user-events'.
2026-06-09 12:15:08,629 [ConsumerC] INFO – ★ Partition ASSIGNED  → [2]
2026-06-09 12:15:12,367 [ConsumerC] INFO – Throughput: 17.4 msg/s | Total consumed: 87
2026-06-09 12:39:51,733 [ConsumerC] INFO – Throughput: 0.1 msg/s | Total consumed: 246
2026-06-09 12:39:56,751 [ConsumerC] INFO – Throughput: 19.9 msg/s | Total consumed: 346
2026-06-09 12:40:01,780 [ConsumerC] INFO – Throughput: 15.5 msg/s | Total consumed: 424
2026-06-09 12:53:08,184 [ConsumerC] INFO – Throughput: 0.1 msg/s | Total consumed: 491
2026-06-09 12:53:13,193 [ConsumerC] INFO – Throughput: 26.0 msg/s | Total consumed: 621
2026-06-09 20:52:25,157 [ConsumerC] INFO – Health monitor started (PID 24148).
2026-06-09 20:52:25,171 [ConsumerC] INFO – ► ConsumerC joined consumer group 'user-events-group'
2026-06-09 20:52:25,180 [ConsumerC] INFO – Subscribed to topic 'user-events'.
2026-06-09 20:52:28,529 [ConsumerC] INFO – ★ Partition ASSIGNED  → [2]
2026-06-09 20:53:21,747 [ConsumerC] INFO – Throughput: 0.0 msg/s | Total consumed: 1
2026-06-09 20:53:26,807 [ConsumerC] INFO – Throughput: 6.5 msg/s | Total consumed: 34
2026-06-09 20:53:31,840 [ConsumerC] INFO – Throughput: 6.0 msg/s | Total consumed: 64
2026-06-09 20:53:36,875 [ConsumerC] INFO – Throughput: 5.8 msg/s | Total consumed: 93
2026-06-09 20:53:42,071 [ConsumerC] INFO – Throughput: 6.2 msg/s | Total consumed: 125
2026-06-09 20:53:47,109 [ConsumerC] INFO – Throughput: 6.0 msg/s | Total consumed: 155
2026-06-09 20:53:52,250 [ConsumerC] INFO – Throughput: 7.6 msg/s | Total consumed: 194
2026-06-09 20:53:57,352 [ConsumerC] INFO – Throughput: 7.8 msg/s | Total consumed: 234
2026-06-09 20:54:02,456 [ConsumerC] INFO – Throughput: 7.5 msg/s | Total consumed: 272
2026-06-09 20:54:07,497 [ConsumerC] INFO – Throughput: 10.9 msg/s | Total consumed: 327
2026-06-09 20:54:12,661 [ConsumerC] INFO – Throughput: 7.8 msg/s | Total consumed: 367
2026-06-09 20:54:17,877 [ConsumerC] INFO – Throughput: 9.0 msg/s | Total consumed: 414
2026-06-09 20:54:22,968 [ConsumerC] INFO – Throughput: 8.8 msg/s | Total consumed: 459
2026-06-09 20:54:28,024 [ConsumerC] INFO – Throughput: 6.1 msg/s | Total consumed: 490
2026-06-09 20:54:33,542 [ConsumerC] INFO – Throughput: 6.2 msg/s | Total consumed: 524
2026-06-09 20:54:36,290 [ConsumerC] INFO – ✘ Partition REVOKED   → [2]
2026-06-09 20:54:36,295 [ConsumerC] INFO – Offsets committed before revocation.
2026-06-09 20:54:36,312 [ConsumerC] INFO – ★ Partition ASSIGNED  → [2]
2026-06-09 20:54:37,530 [ConsumerC] INFO – 🛑 Consumer ConsumerC disabled via control file. Shutting down...
2026-06-09 20:54:37,544 [ConsumerC] INFO – Committing final offsets …
2026-06-09 20:54:37,548 [ConsumerC] INFO – ✘ Partition REVOKED   → [2]
2026-06-09 20:54:37,548 [ConsumerC] WARNING – Could not commit offsets on revoke: KafkaError{code=_NO_OFFSET,val=-168,str="Commit failed: Local: No offset stored"}
2026-06-09 20:54:37,578 [ConsumerC] INFO – Consumer closed.
2026-06-09 20:54:37,595 [ConsumerC] INFO – ─── ConsumerC shut down. Total consumed: 550 ───
2026-06-10 14:25:29,681 [ConsumerC] INFO – Health monitor started (PID 15636).
2026-06-10 14:25:29,729 [ConsumerC] INFO – ► ConsumerC joined consumer group 'user-events-group'
2026-06-10 14:25:29,758 [ConsumerC] INFO – Subscribed to topic 'user-events'.
2026-06-10 14:25:31,738 [ConsumerC] INFO – ★ Partition ASSIGNED  → [2]
2026-06-10 14:25:35,127 [ConsumerC] INFO – Throughput: 2.1 msg/s | Total consumed: 11
2026-06-10 14:25:40,528 [ConsumerC] INFO – Throughput: 2.8 msg/s | Total consumed: 26
2026-06-10 14:25:45,616 [ConsumerC] INFO – Throughput: 3.4 msg/s | Total consumed: 43
2026-06-10 14:25:50,745 [ConsumerC] INFO – Throughput: 4.1 msg/s | Total consumed: 64
2026-06-10 14:25:55,925 [ConsumerC] INFO – Throughput: 2.5 msg/s | Total consumed: 77
2026-06-10 14:26:01,088 [ConsumerC] INFO – Throughput: 3.3 msg/s | Total consumed: 94
2026-06-10 14:26:06,212 [ConsumerC] INFO – Throughput: 2.4 msg/s | Total consumed: 106
2026-06-10 14:26:11,277 [ConsumerC] INFO – Throughput: 3.4 msg/s | Total consumed: 123
2026-06-10 14:26:16,521 [ConsumerC] INFO – Throughput: 2.9 msg/s | Total consumed: 138
2026-06-10 14:26:21,707 [ConsumerC] INFO – Throughput: 3.3 msg/s | Total consumed: 155
2026-06-10 14:26:26,749 [ConsumerC] INFO – Throughput: 2.2 msg/s | Total consumed: 166
2026-06-10 14:26:32,090 [ConsumerC] INFO – Throughput: 2.3 msg/s | Total consumed: 178
2026-06-10 14:26:38,147 [ConsumerC] INFO – Throughput: 2.0 msg/s | Total consumed: 190
2026-06-10 14:26:44,042 [ConsumerC] INFO – Throughput: 1.6 msg/s | Total consumed: 199
2026-06-10 14:26:49,123 [ConsumerC] INFO – Throughput: 3.0 msg/s | Total consumed: 214
2026-06-10 14:26:55,061 [ConsumerC] INFO – Throughput: 2.8 msg/s | Total consumed: 230
2026-06-10 14:27:00,951 [ConsumerC] INFO – Throughput: 2.1 msg/s | Total consumed: 242
2026-06-10 14:27:06,068 [ConsumerC] INFO – Throughput: 3.0 msg/s | Total consumed: 257
2026-06-10 14:27:11,858 [ConsumerC] INFO – Throughput: 1.9 msg/s | Total consumed: 268
2026-06-10 14:27:17,089 [ConsumerC] INFO – Throughput: 1.9 msg/s | Total consumed: 278
2026-06-10 14:27:22,109 [ConsumerC] INFO – Throughput: 3.0 msg/s | Total consumed: 293
2026-06-10 14:27:27,279 [ConsumerC] INFO – Throughput: 2.7 msg/s | Total consumed: 307
2026-06-10 14:27:32,491 [ConsumerC] INFO – Throughput: 2.7 msg/s | Total consumed: 321
2026-06-10 14:27:37,909 [ConsumerC] INFO – Throughput: 3.2 msg/s | Total consumed: 338
2026-06-10 14:27:43,088 [ConsumerC] INFO – Throughput: 2.1 msg/s | Total consumed: 349
2026-06-10 14:27:48,214 [ConsumerC] INFO – Throughput: 3.3 msg/s | Total consumed: 366
2026-06-10 14:27:53,557 [ConsumerC] INFO – Throughput: 3.2 msg/s | Total consumed: 383
2026-06-10 14:27:58,854 [ConsumerC] INFO – Throughput: 2.3 msg/s | Total consumed: 395
2026-06-10 14:28:04,285 [ConsumerC] INFO – Throughput: 2.2 msg/s | Total consumed: 407
2026-06-10 14:28:09,382 [ConsumerC] INFO – Throughput: 2.8 msg/s | Total consumed: 421
2026-06-10 14:28:14,460 [ConsumerC] INFO – Throughput: 3.0 msg/s | Total consumed: 436
2026-06-10 14:28:19,712 [ConsumerC] INFO – Throughput: 3.9 msg/s | Total consumed: 456
2026-06-10 14:28:24,882 [ConsumerC] INFO – Throughput: 2.0 msg/s | Total consumed: 466
2026-06-10 14:28:30,212 [ConsumerC] INFO – Throughput: 2.3 msg/s | Total consumed: 478
2026-06-10 14:28:35,483 [ConsumerC] INFO – Throughput: 2.7 msg/s | Total consumed: 492
2026-06-10 14:28:41,237 [ConsumerC] INFO – Throughput: 2.5 msg/s | Total consumed: 506
2026-06-10 14:28:46,350 [ConsumerC] INFO – Throughput: 2.8 msg/s | Total consumed: 520
2026-06-10 14:28:51,548 [ConsumerC] INFO – Throughput: 3.7 msg/s | Total consumed: 539
2026-06-10 14:28:56,876 [ConsumerC] INFO – Throughput: 1.6 msg/s | Total consumed: 547
2026-06-10 14:29:02,050 [ConsumerC] INFO – Throughput: 2.4 msg/s | Total consumed: 559
2026-06-10 14:29:07,325 [ConsumerC] INFO – Throughput: 1.2 msg/s | Total consumed: 565
2026-06-10 14:29:12,510 [ConsumerC] INFO – Throughput: 3.2 msg/s | Total consumed: 581
2026-06-10 14:29:18,313 [ConsumerC] INFO – Throughput: 2.2 msg/s | Total consumed: 593
2026-06-10 14:29:23,735 [ConsumerC] INFO – Throughput: 2.1 msg/s | Total consumed: 604
2026-06-10 14:29:29,061 [ConsumerC] INFO – Throughput: 2.1 msg/s | Total consumed: 615
2026-06-10 14:29:34,264 [ConsumerC] INFO – Throughput: 2.9 msg/s | Total consumed: 630
2026-06-10 14:29:39,871 [ConsumerC] INFO – Throughput: 2.7 msg/s | Total consumed: 645
2026-06-10 14:29:45,260 [ConsumerC] INFO – Throughput: 2.4 msg/s | Total consumed: 658
2026-06-10 14:29:50,553 [ConsumerC] INFO – Throughput: 2.9 msg/s | Total consumed: 673
2026-06-10 14:29:55,817 [ConsumerC] INFO – Throughput: 2.7 msg/s | Total consumed: 687
2026-06-10 14:30:01,139 [ConsumerC] INFO – Throughput: 3.2 msg/s | Total consumed: 704
2026-06-12 20:30:34,973 [ConsumerC] INFO – Health monitor started (PID 25632).
2026-06-12 20:30:34,975 [ConsumerC] INFO – ► ConsumerC joined consumer group 'user-events-group'
2026-06-12 20:30:34,981 [ConsumerC] INFO – Subscribed to topic 'user-events'.
2026-06-12 20:30:53,265 [ConsumerC] INFO – 🛑 Consumer ConsumerC disabled via control file. Shutting down...
2026-06-12 20:30:53,267 [ConsumerC] INFO – Committing final offsets …
2026-06-12 20:30:53,267 [ConsumerC] WARNING – Final commit failed: KafkaError{code=_NO_OFFSET,val=-168,str="Commit failed: Local: No offset stored"}
2026-06-12 20:30:53,268 [ConsumerC] INFO – Consumer closed.
2026-06-12 20:30:53,269 [ConsumerC] INFO – ─── ConsumerC shut down. Total consumed: 0 ───
